// Jest Snapshot v1, https://goo.gl/fbAQLP

exports[`GameList matches snapshot 1`] = `
Array [
  <h2
    className="sc-bdVaJa sc-bwzfXH kzWVmP"
  >
    Halo 1
  </h2>,
  <h2
    className="sc-bdVaJa sc-bwzfXH kzWVmP"
  >
    God of War
  </h2>,
  <h2
    className="sc-bdVaJa sc-bwzfXH kzWVmP"
  >
    Super Smash Bros.
  </h2>,
]
`;
